Archive member included to satisfy reference by file (symbol)

c:/program files/microchip/xc32/v3.01/bin/bin/../../lib/gcc/pic32c/8.3.1/../../../../pic32c/lib/thumb/v7e-m+fp/hard\libpic32c.a(data_init.o)
                              build/default/production/_ext/1171490990/startup_xc32.o (__pic32c_data_initialization)
c:/program files/microchip/xc32/v3.01/bin/bin/../../lib/gcc/pic32c/8.3.1/../../../../pic32c/lib/thumb/v7e-m+fp/hard\libc_nano.a(lib_a-init.o)
                              build/default/production/_ext/1171490990/startup_xc32.o (__libc_init_array)
c:/program files/microchip/xc32/v3.01/bin/bin/../../lib/gcc/pic32c/8.3.1/../../../../pic32c/lib/thumb/v7e-m+fp/hard\libc_nano.a(lib_a-memcpy-stub.o)
                              build/default/production/_ext/60165182/plib_can0.o (memcpy)
c:/program files/microchip/xc32/v3.01/bin/bin/../../lib/gcc/pic32c/8.3.1/../../../../pic32c/lib/thumb/v7e-m+fp/hard\libc_nano.a(lib_a-memset.o)
                              build/default/production/_ext/60165182/plib_can0.o (memset)

Microchip PIC32 Memory-Usage Report

ROM Program-Memory Usage
section                    address  length [bytes]      (dec)  Description
-------                 ----------  -------------------------  -----------
.vectors                    0x2000          0x260         608   
.text                       0x2260           0x20          32  App's exec code 
.text.MET_Can_Protocol_     0x2280          0x3c4         964   
.text.CAN0_InterruptHan     0x2644          0x26c         620   
.dinit                      0x28b0           0xf0         240   
.text.CLOCK_Initialize      0x29a0           0xe4         228   
.text.CAN0_MessageTrans     0x2a84           0xac         172   
.text.PORT_Initialize       0x2b30           0xa8         168   
.text.CAN0_MessageRecei     0x2bd8           0x90         144   
.text.Reset_Handler         0x2c68           0x90         144   
.text.__pic32c_data_ini     0x2cf8           0x88         136   
.text.CAN0_Initialize       0x2d80           0x80         128   
.text.main                  0x2e00           0x5c          92   
.text.MET_Can_AppRestar     0x2e5c           0x58          88   
.text.__libc_init_array     0x2eb4           0x48          72   
.text.RTC_Initialize        0x2efc           0x44          68   
.text                       0x2f40           0x40          64  App's exec code 
.text.NVIC_Initialize       0x2f80           0x40          64   
.text.CAN0_ErrorGet         0x2fc0           0x3a          58   
.text.Dummy_Handler         0x2ffa            0x2           2   
.text.rtcEventHandler       0x2ffc           0x38          56   
.text.MET_Can_Protocol_     0x3034           0x38          56   
.text.MET_Can_Bootloade     0x306c           0x38          56   
.text.RTC_InterruptHand     0x30a4           0x28          40   
.text.MET_Can_Protocol_     0x30cc           0x28          40   
.text.MET_Can_Bootloade     0x30f4           0x28          40   
.text.SYS_Initialize        0x311c           0x20          32   
.text.CAN0_RxCallbackRe     0x313c           0x1c          28   
.text.memcpy                0x3158           0x1c          28   
.text.RTC_Timer32Start      0x3174           0x18          24   
.text.CAN0_TxCallbackRe     0x318c           0x10          16   
.rodata                     0x319c           0x10          16  Read-only const 
.text.NVMCTRL_Initializ     0x31ac           0x10          16   
.text.memset                0x31bc           0x10          16   
.text.RTC_Timer32Callba     0x31cc            0xc          12   
.text.ApplicationProtoc     0x31d8            0x8           8   
.text.NonMaskableInt_Ha     0x31e0            0x2           2   
.text.HardFault_Handler     0x31e2            0x2           2   
.text.DebugMonitor_Hand     0x31e4            0x2           2   
.text.MemoryManagement_     0x31e6            0x2           2   
.text.BusFault_Handler      0x31e8            0x2           2   
.text.UsageFault_Handle     0x31ea            0x2           2   
.text.Dummy_App_Func        0x31ec            0x2           2   
.text.EVSYS_Initialize      0x31ee            0x2           2   
      Total ROM used  :      0x11f0        4592  0.4% of 0xfe000
        --------------------------------------------------------------------------
         Total Program Memory used  :      0x11f0        4592  0.4% of 0xfe000
        --------------------------------------------------------------------------


RAM Data-Memory Usage
section                    address  length [bytes]      (dec)  Description
-------                 ----------  -------------------------  -----------
.bss.MET_Protocol_Data_ 0x20000010          0x980        2432   
.bss.can0Obj            0x20000990           0x28          40   
.bss.can0RxMsg          0x200009b8           0x28          40   
.bss.can0CallbackObj    0x200009e0           0x20          32   
.bss.MET_Can_Bootloader 0x20000a00           0x20          32   
.bss.MET_Can_Protocol_R 0x20000a20           0x20          32   
.bss                    0x20000a40           0x1c          28  Uninitialized data 
.bss.rtcObj             0x20000a5c            0xc          12   
.data.SmartEEPROM32     0x20000a68            0x4           4   
.bss                    0x20000a6c            0x4           4  Uninitialized data 
.bss.messageMarker.8457 0x20000a70            0x1           1   
.bss.trigger_time       0x20000a71            0x1           1   
.bss.lastSequence.9008  0x20000a72            0x1           1   
.bss.msgFrameAttr0      0x20000a73            0x1           1   
.bss.rxBootloaderErrorT 0x20000a74            0x1           1   
.bss.rxBootloaderRecept 0x20000a75            0x1           1   
.bss.rxErrorTrigger     0x20000a76            0x1           1   
.bss.rxReceptionTrigger 0x20000a77            0x1           1   
         Total RAM used  :       0xa68        2664  1.0% of 0x3fff0
        --------------------------------------------------------------------------
            Total Data Memory used  :       0xa68        2664  1.0% of 0x3fff0
        --------------------------------------------------------------------------


Dynamic Data-Memory Reservation
section                    address  length [bytes]      (dec)  Description
-------                 ----------  -------------------------  -----------
heap                    0x20000a80          0x200         512  Reserved for heap 
stack                   0x20000c98        0x3f360      258912  Reserved for stack 

        --------------------------------------------------------------------------

Discarded input sections

 .text          0x00000000        0x0 c:/program files/microchip/xc32/v3.01/bin/bin/../../lib/gcc/pic32c/8.3.1/thumb/v7e-m+fp/hard/crti.o
 .data          0x00000000        0x0 c:/program files/microchip/xc32/v3.01/bin/bin/../../lib/gcc/pic32c/8.3.1/thumb/v7e-m+fp/hard/crti.o
 .bss           0x00000000        0x0 c:/program files/microchip/xc32/v3.01/bin/bin/../../lib/gcc/pic32c/8.3.1/thumb/v7e-m+fp/hard/crti.o
 .xc_stack_usage.hdr
                0x00000000        0xe c:/program files/microchip/xc32/v3.01/bin/bin/../../lib/gcc/pic32c/8.3.1/thumb/v7e-m+fp/hard/crti.o
 .xc_stack_usage
                0x00000000       0x26 c:/program files/microchip/xc32/v3.01/bin/bin/../../lib/gcc/pic32c/8.3.1/thumb/v7e-m+fp/hard/crti.o
 .data          0x00000000        0x4 c:/program files/microchip/xc32/v3.01/bin/bin/../../lib/gcc/pic32c/8.3.1/thumb/v7e-m+fp/hard/crtbegin.o
 .xc_stack_usage
                0x00000000       0x3c c:/program files/microchip/xc32/v3.01/bin/bin/../../lib/gcc/pic32c/8.3.1/thumb/v7e-m+fp/hard/crtbegin.o
 .xc_stack_usage.hdr
                0x00000000        0xe c:/program files/microchip/xc32/v3.01/bin/bin/../../lib/gcc/pic32c/8.3.1/thumb/v7e-m+fp/hard/crtbegin.o
 .text          0x00000000        0x0 build/default/production/_ext/163028504/xc32_monitor.o
 .data          0x00000000        0x0 build/default/production/_ext/163028504/xc32_monitor.o
 .bss           0x00000000        0x0 build/default/production/_ext/163028504/xc32_monitor.o
 .text._mon_getc
                0x00000000        0x4 build/default/production/_ext/163028504/xc32_monitor.o
 .text._mon_putc
                0x00000000        0x2 build/default/production/_ext/163028504/xc32_monitor.o
 .debug_info    0x00000000      0x2d8 build/default/production/_ext/163028504/xc32_monitor.o
 .debug_abbrev  0x00000000       0x80 build/default/production/_ext/163028504/xc32_monitor.o
 .debug_loc     0x00000000       0x25 build/default/production/_ext/163028504/xc32_monitor.o
 .debug_aranges
                0x00000000       0x28 build/default/production/_ext/163028504/xc32_monitor.o
 .debug_ranges  0x00000000       0x18 build/default/production/_ext/163028504/xc32_monitor.o
 .debug_line    0x00000000       0x7d build/default/production/_ext/163028504/xc32_monitor.o
 .debug_str     0x00000000        0x0 build/default/production/_ext/163028504/xc32_monitor.o
 .comment       0x00000000       0x54 build/default/production/_ext/163028504/xc32_monitor.o
 .debug_frame   0x00000000       0x30 build/default/production/_ext/163028504/xc32_monitor.o
 .ARM.attributes
                0x00000000       0x34 build/default/production/_ext/163028504/xc32_monitor.o
 .text          0x00000000        0x0 build/default/production/_ext/1171490990/initialization.o
 .data          0x00000000        0x0 build/default/production/_ext/1171490990/initialization.o
 .bss           0x00000000        0x0 build/default/production/_ext/1171490990/initialization.o
 .text          0x00000000        0x0 build/default/production/_ext/60165182/plib_can0.o
 .data          0x00000000        0x0 build/default/production/_ext/60165182/plib_can0.o
 .bss           0x00000000        0x0 build/default/production/_ext/60165182/plib_can0.o
 .text.CAN0_TransmitEventFIFOElementGet
                0x00000000       0x60 build/default/production/_ext/60165182/plib_can0.o
 .text.CAN0_ErrorCountGet
                0x00000000       0x12 build/default/production/_ext/60165182/plib_can0.o
 .text.CAN0_InterruptGet
                0x00000000       0x10 build/default/production/_ext/60165182/plib_can0.o
 .text.CAN0_InterruptClear
                0x00000000        0x8 build/default/production/_ext/60165182/plib_can0.o
 .text.CAN0_TxFIFOIsFull
                0x00000000        0xe build/default/production/_ext/60165182/plib_can0.o
 .text.CAN0_MessageRAMConfigSet
                0x00000000       0xa4 build/default/production/_ext/60165182/plib_can0.o
 .text.CAN0_StandardFilterElementSet
                0x00000000       0x28 build/default/production/_ext/60165182/plib_can0.o
 .text.CAN0_StandardFilterElementGet
                0x00000000       0x28 build/default/production/_ext/60165182/plib_can0.o
 .text.CAN0_SleepModeEnter
                0x00000000       0x16 build/default/production/_ext/60165182/plib_can0.o
 .text.CAN0_SleepModeExit
                0x00000000       0x2a build/default/production/_ext/60165182/plib_can0.o
 .rodata.can0StdFilter
                0x00000000        0x8 build/default/production/_ext/60165182/plib_can0.o
 .text          0x00000000        0x0 build/default/production/_ext/1171490990/interrupts.o
 .data          0x00000000        0x0 build/default/production/_ext/1171490990/interrupts.o
 .bss           0x00000000        0x0 build/default/production/_ext/1171490990/interrupts.o
 .text          0x00000000        0x0 build/default/production/_ext/1865521619/plib_port.o
 .data          0x00000000        0x0 build/default/production/_ext/1865521619/plib_port.o
 .bss           0x00000000        0x0 build/default/production/_ext/1865521619/plib_port.o
 .text.PORT_GroupRead
                0x00000000        0x4 build/default/production/_ext/1865521619/plib_port.o
 .text.PORT_GroupWrite
                0x00000000        0xc build/default/production/_ext/1865521619/plib_port.o
 .text.PORT_GroupLatchRead
                0x00000000        0x4 build/default/production/_ext/1865521619/plib_port.o
 .text.PORT_GroupSet
                0x00000000        0x4 build/default/production/_ext/1865521619/plib_port.o
 .text.PORT_GroupClear
                0x00000000        0x4 build/default/production/_ext/1865521619/plib_port.o
 .text.PORT_GroupToggle
                0x00000000        0x4 build/default/production/_ext/1865521619/plib_port.o
 .text.PORT_GroupInputEnable
                0x00000000        0x4 build/default/production/_ext/1865521619/plib_port.o
 .text.PORT_GroupOutputEnable
                0x00000000        0x4 build/default/production/_ext/1865521619/plib_port.o
 .text.PORT_PinPeripheralFunctionConfig
                0x00000000       0x4a build/default/production/_ext/1865521619/plib_port.o
 .text.PORT_PinGPIOConfig
                0x00000000       0x20 build/default/production/_ext/1865521619/plib_port.o
 .text          0x00000000        0x0 build/default/production/_ext/1865131932/plib_cmcc.o
 .data          0x00000000        0x0 build/default/production/_ext/1865131932/plib_cmcc.o
 .bss           0x00000000        0x0 build/default/production/_ext/1865131932/plib_cmcc.o
 .text.CMCC_Disable
                0x00000000       0x18 build/default/production/_ext/1865131932/plib_cmcc.o
 .text.CMCC_EnableICache
                0x00000000       0x28 build/default/production/_ext/1865131932/plib_cmcc.o
 .text.CMCC_DisableICache
                0x00000000       0x28 build/default/production/_ext/1865131932/plib_cmcc.o
 .text.CMCC_EnableDCache
                0x00000000       0x28 build/default/production/_ext/1865131932/plib_cmcc.o
 .text.CMCC_DisableDCache
                0x00000000       0x28 build/default/production/_ext/1865131932/plib_cmcc.o
 .text.CMCC_InvalidateAll
                0x00000000       0x20 build/default/production/_ext/1865131932/plib_cmcc.o
 .debug_info    0x00000000      0x5cc build/default/production/_ext/1865131932/plib_cmcc.o
 .debug_abbrev  0x00000000       0x9d build/default/production/_ext/1865131932/plib_cmcc.o
 .debug_aranges
                0x00000000       0x48 build/default/production/_ext/1865131932/plib_cmcc.o
 .debug_ranges  0x00000000       0x38 build/default/production/_ext/1865131932/plib_cmcc.o
 .debug_line    0x00000000      0x285 build/default/production/_ext/1865131932/plib_cmcc.o
 .debug_str     0x00000000        0x0 build/default/production/_ext/1865131932/plib_cmcc.o
 .comment       0x00000000       0x54 build/default/production/_ext/1865131932/plib_cmcc.o
 .debug_frame   0x00000000       0x70 build/default/production/_ext/1865131932/plib_cmcc.o
 .ARM.attributes
                0x00000000       0x34 build/default/production/_ext/1865131932/plib_cmcc.o
 .text          0x00000000        0x0 build/default/production/_ext/1360937237/main.o
 .data          0x00000000        0x0 build/default/production/_ext/1360937237/main.o
 .bss           0x00000000        0x0 build/default/production/_ext/1360937237/main.o
 .text          0x00000000        0x0 build/default/production/_ext/1984496892/plib_clock.o
 .data          0x00000000        0x0 build/default/production/_ext/1984496892/plib_clock.o
 .bss           0x00000000        0x0 build/default/production/_ext/1984496892/plib_clock.o
 .text          0x00000000        0x0 build/default/production/_ext/1171490990/exceptions.o
 .data          0x00000000        0x0 build/default/production/_ext/1171490990/exceptions.o
 .bss           0x00000000        0x0 build/default/production/_ext/1171490990/exceptions.o
 .text          0x00000000        0x0 build/default/production/_ext/60180175/plib_rtc_timer.o
 .data          0x00000000        0x0 build/default/production/_ext/60180175/plib_rtc_timer.o
 .bss           0x00000000        0x0 build/default/production/_ext/60180175/plib_rtc_timer.o
 .text.RTC_Timer32Stop
                0x00000000       0x1c build/default/production/_ext/60180175/plib_rtc_timer.o
 .text.RTC_Timer32CounterSet
                0x00000000       0x14 build/default/production/_ext/60180175/plib_rtc_timer.o
 .text.RTC_Timer32Compare0Set
                0x00000000       0x14 build/default/production/_ext/60180175/plib_rtc_timer.o
 .text.RTC_Timer32Compare1Set
                0x00000000       0x14 build/default/production/_ext/60180175/plib_rtc_timer.o
 .text.RTC_Timer32CounterGet
                0x00000000       0x14 build/default/production/_ext/60180175/plib_rtc_timer.o
 .text.RTC_Timer32PeriodGet
                0x00000000        0x6 build/default/production/_ext/60180175/plib_rtc_timer.o
 .text.RTC_Timer32FrequencyGet
                0x00000000        0x6 build/default/production/_ext/60180175/plib_rtc_timer.o
 .text.RTC_Timer32InterruptEnable
                0x00000000        0xc build/default/production/_ext/60180175/plib_rtc_timer.o
 .text.RTC_Timer32InterruptDisable
                0x00000000        0xc build/default/production/_ext/60180175/plib_rtc_timer.o
 .text.RTC_BackupRegisterSet
                0x00000000       0x10 build/default/production/_ext/60180175/plib_rtc_timer.o
 .text.RTC_BackupRegisterGet
                0x00000000       0x10 build/default/production/_ext/60180175/plib_rtc_timer.o
 .text.RTC_TamperSourceGet
                0x00000000        0xc build/default/production/_ext/60180175/plib_rtc_timer.o
 .text.RTC_Timer32TimeStampGet
                0x00000000        0xc build/default/production/_ext/60180175/plib_rtc_timer.o
 .text          0x00000000        0x0 build/default/production/_ext/1171490990/startup_xc32.o
 .data          0x00000000        0x0 build/default/production/_ext/1171490990/startup_xc32.o
 .bss           0x00000000        0x0 build/default/production/_ext/1171490990/startup_xc32.o
 .text          0x00000000        0x0 build/default/production/_ext/1171490990/libc_syscalls.o
 .data          0x00000000        0x0 build/default/production/_ext/1171490990/libc_syscalls.o
 .bss           0x00000000        0x0 build/default/production/_ext/1171490990/libc_syscalls.o
 .text._exit    0x00000000        0x2 build/default/production/_ext/1171490990/libc_syscalls.o
 .debug_info    0x00000000      0xf6b build/default/production/_ext/1171490990/libc_syscalls.o
 .debug_abbrev  0x00000000      0x1d3 build/default/production/_ext/1171490990/libc_syscalls.o
 .debug_loc     0x00000000       0x15 build/default/production/_ext/1171490990/libc_syscalls.o
 .debug_aranges
                0x00000000       0x20 build/default/production/_ext/1171490990/libc_syscalls.o
 .debug_ranges  0x00000000       0x10 build/default/production/_ext/1171490990/libc_syscalls.o
 .debug_line    0x00000000      0x1d5 build/default/production/_ext/1171490990/libc_syscalls.o
 .debug_str     0x00000000        0xe build/default/production/_ext/1171490990/libc_syscalls.o
 .comment       0x00000000       0x54 build/default/production/_ext/1171490990/libc_syscalls.o
 .debug_frame   0x00000000       0x20 build/default/production/_ext/1171490990/libc_syscalls.o
 .ARM.attributes
                0x00000000       0x34 build/default/production/_ext/1171490990/libc_syscalls.o
 .text          0x00000000        0x0 build/default/production/_ext/1986646378/plib_evsys.o
 .data          0x00000000        0x0 build/default/production/_ext/1986646378/plib_evsys.o
 .bss           0x00000000        0x0 build/default/production/_ext/1986646378/plib_evsys.o
 .text          0x00000000        0x0 build/default/production/_ext/1593096446/plib_nvmctrl.o
 .data          0x00000000        0x0 build/default/production/_ext/1593096446/plib_nvmctrl.o
 .bss           0x00000000        0x0 build/default/production/_ext/1593096446/plib_nvmctrl.o
 .text.NVMCTRL_Read
                0x00000000       0x10 build/default/production/_ext/1593096446/plib_nvmctrl.o
 .text.NVMCTRL_SetWriteMode
                0x00000000       0x14 build/default/production/_ext/1593096446/plib_nvmctrl.o
 .text.NVMCTRL_QuadWordWrite
                0x00000000       0x4c build/default/production/_ext/1593096446/plib_nvmctrl.o
 .text.NVMCTRL_DoubleWordWrite
                0x00000000       0x40 build/default/production/_ext/1593096446/plib_nvmctrl.o
 .text.NVMCTRL_PageWrite
                0x00000000       0x40 build/default/production/_ext/1593096446/plib_nvmctrl.o
 .text.NVMCTRL_BlockErase
                0x00000000       0x1c build/default/production/_ext/1593096446/plib_nvmctrl.o
 .text.NVMCTRL_ErrorGet
                0x00000000       0x20 build/default/production/_ext/1593096446/plib_nvmctrl.o
 .text.NVMCTRL_StatusGet
                0x00000000        0xc build/default/production/_ext/1593096446/plib_nvmctrl.o
 .text.NVMCTRL_IsBusy
                0x00000000       0x14 build/default/production/_ext/1593096446/plib_nvmctrl.o
 .text.NVMCTRL_RegionLock
                0x00000000       0x10 build/default/production/_ext/1593096446/plib_nvmctrl.o
 .text.NVMCTRL_RegionUnlock
                0x00000000       0x10 build/default/production/_ext/1593096446/plib_nvmctrl.o
 .text.NVMCTRL_RegionLockStatusGet
                0x00000000        0xc build/default/production/_ext/1593096446/plib_nvmctrl.o
 .text.NVMCTRL_SmartEEPROM_IsBusy
                0x00000000       0x10 build/default/production/_ext/1593096446/plib_nvmctrl.o
 .text.NVMCTRL_SmartEEPROMStatusGet
                0x00000000        0xc build/default/production/_ext/1593096446/plib_nvmctrl.o
 .text.NVMCTRL_SmartEEPROM_IsActiveSectorFull
                0x00000000       0x10 build/default/production/_ext/1593096446/plib_nvmctrl.o
 .text.NVMCTRL_BankSwap
                0x00000000       0x10 build/default/production/_ext/1593096446/plib_nvmctrl.o
 .text.NVMCTRL_SmartEEPROMSectorReallocate
                0x00000000       0x10 build/default/production/_ext/1593096446/plib_nvmctrl.o
 .text.NVMCTRL_SmartEEPROMFlushPageBuffer
                0x00000000       0x18 build/default/production/_ext/1593096446/plib_nvmctrl.o
 .bss.nvm_error
                0x00000000        0x2 build/default/production/_ext/1593096446/plib_nvmctrl.o
 .text          0x00000000        0x0 build/default/production/_ext/1865468468/plib_nvic.o
 .data          0x00000000        0x0 build/default/production/_ext/1865468468/plib_nvic.o
 .bss           0x00000000        0x0 build/default/production/_ext/1865468468/plib_nvic.o
 .text.NVIC_INT_Enable
                0x00000000        0x8 build/default/production/_ext/1865468468/plib_nvic.o
 .text.NVIC_INT_Disable
                0x00000000       0x12 build/default/production/_ext/1865468468/plib_nvic.o
 .text.NVIC_INT_Restore
                0x00000000       0x12 build/default/production/_ext/1865468468/plib_nvic.o
 .text          0x00000000        0x0 build/default/production/_ext/1042908558/protocol.o
 .data          0x00000000        0x0 build/default/production/_ext/1042908558/protocol.o
 .bss           0x00000000        0x0 build/default/production/_ext/1042908558/protocol.o
 .text.ApplicationProtocolCommandHandler
                0x00000000        0xe build/default/production/_ext/1042908558/protocol.o
 .text.ApplicationProtocolInit
                0x00000000       0x28 build/default/production/_ext/1042908558/protocol.o
 .text          0x00000000        0x0 build/default/production/_ext/1894469536/MET_can_protocol.o
 .data          0x00000000        0x0 build/default/production/_ext/1894469536/MET_can_protocol.o
 .bss           0x00000000        0x0 build/default/production/_ext/1894469536/MET_can_protocol.o
 .text.MET_Can_Protocol_Init
                0x00000000      0x128 build/default/production/_ext/1894469536/MET_can_protocol.o
 .text.MET_Can_Protocol_SetStatusReg
                0x00000000       0x20 build/default/production/_ext/1894469536/MET_can_protocol.o
 .text.MET_Can_Protocol_SetStatusBit
                0x00000000       0x38 build/default/production/_ext/1894469536/MET_can_protocol.o
 .text.MET_Can_Protocol_GetStatus
                0x00000000       0x28 build/default/production/_ext/1894469536/MET_can_protocol.o
 .text.MET_Can_Protocol_TestStatus
                0x00000000       0x30 build/default/production/_ext/1894469536/MET_can_protocol.o
 .text.MET_Can_Protocol_GetErrors
                0x00000000       0x4c build/default/production/_ext/1894469536/MET_can_protocol.o
 .text.MET_Can_Protocol_SetErrors
                0x00000000       0x2c build/default/production/_ext/1894469536/MET_can_protocol.o
 .text.MET_Can_Protocol_GetData
                0x00000000       0x28 build/default/production/_ext/1894469536/MET_can_protocol.o
 .text.MET_Can_Protocol_TestData
                0x00000000       0x30 build/default/production/_ext/1894469536/MET_can_protocol.o
 .text.MET_Can_Protocol_GetParameter
                0x00000000       0x28 build/default/production/_ext/1894469536/MET_can_protocol.o
 .text.MET_Can_Protocol_SetDefaultParameter
                0x00000000       0x44 build/default/production/_ext/1894469536/MET_can_protocol.o
 .text.MET_Can_Protocol_TestParameter
                0x00000000       0x30 build/default/production/_ext/1894469536/MET_can_protocol.o
 .text.MET_Can_Protocol_returnCommandExecuting
                0x00000000       0x14 build/default/production/_ext/1894469536/MET_can_protocol.o
 .text.MET_Can_Protocol_returnCommandExecuted
                0x00000000       0x14 build/default/production/_ext/1894469536/MET_can_protocol.o
 .text.MET_Can_Protocol_returnCommandError
                0x00000000       0x10 build/default/production/_ext/1894469536/MET_can_protocol.o
 .text.MET_Can_Protocol_returnCommandAborted
                0x00000000       0x10 build/default/production/_ext/1894469536/MET_can_protocol.o
 .bss.Can0MessageRAM
                0x00000000       0x40 build/default/production/_ext/1894469536/MET_can_protocol.o
 .data.SmartEEPROM8
                0x00000000        0x4 build/default/production/_ext/1894469536/MET_can_protocol.o
 .text          0x00000000        0x0 c:/program files/microchip/xc32/v3.01/bin/bin/../../lib/gcc/pic32c/8.3.1/../../../../pic32c/lib/thumb/v7e-m+fp/hard\libpic32c.a(data_init.o)
 .data          0x00000000        0x0 c:/program files/microchip/xc32/v3.01/bin/bin/../../lib/gcc/pic32c/8.3.1/../../../../pic32c/lib/thumb/v7e-m+fp/hard\libpic32c.a(data_init.o)
 .xc_stack_usage
                0x00000000       0x2a c:/program files/microchip/xc32/v3.01/bin/bin/../../lib/gcc/pic32c/8.3.1/../../../../pic32c/lib/thumb/v7e-m+fp/hard\libpic32c.a(data_init.o)
 .xc_stack_usage.hdr
                0x00000000        0xe c:/program files/microchip/xc32/v3.01/bin/bin/../../lib/gcc/pic32c/8.3.1/../../../../pic32c/lib/thumb/v7e-m+fp/hard\libpic32c.a(data_init.o)
 .text          0x00000000        0x0 c:/program files/microchip/xc32/v3.01/bin/bin/../../lib/gcc/pic32c/8.3.1/../../../../pic32c/lib/thumb/v7e-m+fp/hard\libc_nano.a(lib_a-init.o)
 .data          0x00000000        0x0 c:/program files/microchip/xc32/v3.01/bin/bin/../../lib/gcc/pic32c/8.3.1/../../../../pic32c/lib/thumb/v7e-m+fp/hard\libc_nano.a(lib_a-init.o)
 .bss           0x00000000        0x0 c:/program files/microchip/xc32/v3.01/bin/bin/../../lib/gcc/pic32c/8.3.1/../../../../pic32c/lib/thumb/v7e-m+fp/hard\libc_nano.a(lib_a-init.o)
 .xc_stack_usage
                0x00000000       0x1f c:/program files/microchip/xc32/v3.01/bin/bin/../../lib/gcc/pic32c/8.3.1/../../../../pic32c/lib/thumb/v7e-m+fp/hard\libc_nano.a(lib_a-init.o)
 .xc_stack_usage.hdr
                0x00000000        0xe c:/program files/microchip/xc32/v3.01/bin/bin/../../lib/gcc/pic32c/8.3.1/../../../../pic32c/lib/thumb/v7e-m+fp/hard\libc_nano.a(lib_a-init.o)
 .text          0x00000000        0x0 c:/program files/microchip/xc32/v3.01/bin/bin/../../lib/gcc/pic32c/8.3.1/../../../../pic32c/lib/thumb/v7e-m+fp/hard\libc_nano.a(lib_a-memcpy-stub.o)
 .data          0x00000000        0x0 c:/program files/microchip/xc32/v3.01/bin/bin/../../lib/gcc/pic32c/8.3.1/../../../../pic32c/lib/thumb/v7e-m+fp/hard\libc_nano.a(lib_a-memcpy-stub.o)
 .bss           0x00000000        0x0 c:/program files/microchip/xc32/v3.01/bin/bin/../../lib/gcc/pic32c/8.3.1/../../../../pic32c/lib/thumb/v7e-m+fp/hard\libc_nano.a(lib_a-memcpy-stub.o)
 .xc_stack_usage
                0x00000000       0x14 c:/program files/microchip/xc32/v3.01/bin/bin/../../lib/gcc/pic32c/8.3.1/../../../../pic32c/lib/thumb/v7e-m+fp/hard\libc_nano.a(lib_a-memcpy-stub.o)
 .xc_stack_usage.hdr
                0x00000000        0xe c:/program files/microchip/xc32/v3.01/bin/bin/../../lib/gcc/pic32c/8.3.1/../../../../pic32c/lib/thumb/v7e-m+fp/hard\libc_nano.a(lib_a-memcpy-stub.o)
 .text          0x00000000        0x0 c:/program files/microchip/xc32/v3.01/bin/bin/../../lib/gcc/pic32c/8.3.1/../../../../pic32c/lib/thumb/v7e-m+fp/hard\libc_nano.a(lib_a-memset.o)
 .data          0x00000000        0x0 c:/program files/microchip/xc32/v3.01/bin/bin/../../lib/gcc/pic32c/8.3.1/../../../../pic32c/lib/thumb/v7e-m+fp/hard\libc_nano.a(lib_a-memset.o)
 .bss           0x00000000        0x0 c:/program files/microchip/xc32/v3.01/bin/bin/../../lib/gcc/pic32c/8.3.1/../../../../pic32c/lib/thumb/v7e-m+fp/hard\libc_nano.a(lib_a-memset.o)
 .xc_stack_usage
                0x00000000       0x14 c:/program files/microchip/xc32/v3.01/bin/bin/../../lib/gcc/pic32c/8.3.1/../../../../pic32c/lib/thumb/v7e-m+fp/hard\libc_nano.a(lib_a-memset.o)
 .xc_stack_usage.hdr
                0x00000000        0xe c:/program files/microchip/xc32/v3.01/bin/bin/../../lib/gcc/pic32c/8.3.1/../../../../pic32c/lib/thumb/v7e-m+fp/hard\libc_nano.a(lib_a-memset.o)
 .text          0x00000000        0x0 c:/program files/microchip/xc32/v3.01/bin/bin/../../lib/gcc/pic32c/8.3.1/thumb/v7e-m+fp/hard/crtend.o
 .data          0x00000000        0x0 c:/program files/microchip/xc32/v3.01/bin/bin/../../lib/gcc/pic32c/8.3.1/thumb/v7e-m+fp/hard/crtend.o
 .bss           0x00000000        0x0 c:/program files/microchip/xc32/v3.01/bin/bin/../../lib/gcc/pic32c/8.3.1/thumb/v7e-m+fp/hard/crtend.o
 .eh_frame      0x00000000        0x4 c:/program files/microchip/xc32/v3.01/bin/bin/../../lib/gcc/pic32c/8.3.1/thumb/v7e-m+fp/hard/crtend.o
 .xc_stack_usage.hdr
                0x00000000        0xe c:/program files/microchip/xc32/v3.01/bin/bin/../../lib/gcc/pic32c/8.3.1/thumb/v7e-m+fp/hard/crtend.o
 .comment       0x00000000       0x54 c:/program files/microchip/xc32/v3.01/bin/bin/../../lib/gcc/pic32c/8.3.1/thumb/v7e-m+fp/hard/crtend.o
 .ARM.attributes
                0x00000000       0x32 c:/program files/microchip/xc32/v3.01/bin/bin/../../lib/gcc/pic32c/8.3.1/thumb/v7e-m+fp/hard/crtend.o
 .text          0x00000000        0x0 c:/program files/microchip/xc32/v3.01/bin/bin/../../lib/gcc/pic32c/8.3.1/thumb/v7e-m+fp/hard/crtn.o
 .data          0x00000000        0x0 c:/program files/microchip/xc32/v3.01/bin/bin/../../lib/gcc/pic32c/8.3.1/thumb/v7e-m+fp/hard/crtn.o
 .bss           0x00000000        0x0 c:/program files/microchip/xc32/v3.01/bin/bin/../../lib/gcc/pic32c/8.3.1/thumb/v7e-m+fp/hard/crtn.o
 .xc_stack_usage.hdr
                0x00000000        0xe c:/program files/microchip/xc32/v3.01/bin/bin/../../lib/gcc/pic32c/8.3.1/thumb/v7e-m+fp/hard/crtn.o

Memory Configuration

Name             Origin             Length             Attributes
rom              0x00002000         0x000fe000         xrl
ram              0x20000010         0x0003fff0         xw !r
tcm              0x03000000         0x00000000         xw
config_00804000  0x00804000         0x00000004
config_00804008  0x00804008         0x00000004
config_00804004  0x00804004         0x00000004
*default*        0x00000000         0xffffffff

Linker script and memory map

LOAD c:/program files/microchip/xc32/v3.01/bin/bin/../../lib/gcc/pic32c/8.3.1/thumb/v7e-m+fp/hard/crti.o
LOAD c:/program files/microchip/xc32/v3.01/bin/bin/../../lib/gcc/pic32c/8.3.1/thumb/v7e-m+fp/hard/crtbegin.o
LOAD build/default/production/_ext/163028504/xc32_monitor.o
LOAD build/default/production/_ext/1171490990/initialization.o
LOAD build/default/production/_ext/60165182/plib_can0.o
LOAD build/default/production/_ext/1171490990/interrupts.o
LOAD build/default/production/_ext/1865521619/plib_port.o
LOAD build/default/production/_ext/1865131932/plib_cmcc.o
LOAD build/default/production/_ext/1360937237/main.o
LOAD build/default/production/_ext/1984496892/plib_clock.o
LOAD build/default/production/_ext/1171490990/exceptions.o
LOAD build/default/production/_ext/60180175/plib_rtc_timer.o
LOAD build/default/production/_ext/1171490990/startup_xc32.o
LOAD build/default/production/_ext/1171490990/libc_syscalls.o
LOAD build/default/production/_ext/1986646378/plib_evsys.o
LOAD build/default/production/_ext/1593096446/plib_nvmctrl.o
LOAD build/default/production/_ext/1865468468/plib_nvic.o
LOAD build/default/production/_ext/1042908558/protocol.o
LOAD build/default/production/_ext/1894469536/MET_can_protocol.o
                0x00000001                __MPLAB_BUILD = 0x1
                0x00100000                __rom_end = (ORIGIN (rom) + LENGTH (rom))
                0x20040000                __ram_end = (ORIGIN (ram) + LENGTH (ram))

.config_00804000
                0x00804000        0x4
 *(.config_00804000)
 .config_00804000
                0x00804000        0x4 build/default/production/_ext/1171490990/initialization.o
                0x00804000                __config_00804000

.config_00804008
                0x00804008        0x4
 *(.config_00804008)
 .config_00804008
                0x00804008        0x4 build/default/production/_ext/1171490990/initialization.o
                0x00804008                __config_00804008

.config_00804004
                0x00804004        0x4
 *(.config_00804004)
 .config_00804004
                0x00804004        0x4 build/default/production/_ext/1171490990/initialization.o
                0x00804004                __config_00804004

.vectors        0x00002000      0x260
                0x00002000                . = ALIGN (0x4)
                0x00002000                _sfixed = .
 *(.vectors .vectors.* .vectors_default .vectors_default.*)
 .vectors       0x00002000      0x260 build/default/production/_ext/1171490990/interrupts.o
                0x00002000                exception_table
 *(.isr_vector)
 *(.reset*)
 *(.after_vectors)

.text           0x00002260       0x20
                0x00002260                . = ALIGN (0x4)
 *(.glue_7t)
 .glue_7t       0x00002260        0x0 linker stubs
 *(.glue_7)
 .glue_7        0x00002260        0x0 linker stubs
 *(.gnu.linkonce.r.*)
 *(.ARM.extab* .gnu.linkonce.armextab.*)
                0x00002260                . = ALIGN (0x4)
 *(.init)
 .init          0x00002260        0x4 c:/program files/microchip/xc32/v3.01/bin/bin/../../lib/gcc/pic32c/8.3.1/thumb/v7e-m+fp/hard/crti.o
                0x00002260                _init
 .init          0x00002264        0x8 c:/program files/microchip/xc32/v3.01/bin/bin/../../lib/gcc/pic32c/8.3.1/thumb/v7e-m+fp/hard/crtn.o
                0x0000226c                . = ALIGN (0x4)
                0x0000226c                __preinit_array_start = .
 *(.preinit_array)
                0x0000226c                __preinit_array_end = .
                0x0000226c                . = ALIGN (0x4)
                0x0000226c                __init_array_start = .
 *(SORT_BY_NAME(.init_array.*))
 *(.init_array)
 .init_array    0x0000226c        0x4 c:/program files/microchip/xc32/v3.01/bin/bin/../../lib/gcc/pic32c/8.3.1/thumb/v7e-m+fp/hard/crtbegin.o
                0x00002270                __init_array_end = .
                0x00002270                . = ALIGN (0x4)
 *crtbegin.o(.ctors)
 *(EXCLUDE_FILE(*crtend.o) .ctors)
 *(SORT_BY_NAME(.ctors.*))
 *crtend.o(.ctors)
                0x00002270                . = ALIGN (0x4)
 *(.fini)
 .fini          0x00002270        0x4 c:/program files/microchip/xc32/v3.01/bin/bin/../../lib/gcc/pic32c/8.3.1/thumb/v7e-m+fp/hard/crti.o
                0x00002270                _fini
 .fini          0x00002274        0x8 c:/program files/microchip/xc32/v3.01/bin/bin/../../lib/gcc/pic32c/8.3.1/thumb/v7e-m+fp/hard/crtn.o
                0x0000227c                . = ALIGN (0x4)
                0x0000227c                __fini_array_start = .
 *(.fini_array)
 .fini_array    0x0000227c        0x4 c:/program files/microchip/xc32/v3.01/bin/bin/../../lib/gcc/pic32c/8.3.1/thumb/v7e-m+fp/hard/crtbegin.o
 *(SORT_BY_NAME(.fini_array.*))
                0x00002280                __fini_array_end = .
 *crtbegin.o(.dtors)
 *(EXCLUDE_FILE(*crtend.o) .dtors)
 *(SORT_BY_NAME(.dtors.*))
 *crtend.o(.dtors)
                0x00002280                . = ALIGN (0x4)
                0x00002280                _efixed = .
                [!provide]                PROVIDE (__exidx_start = .)

.ARM.exidx
 *(.ARM.exidx* .gnu.linkonce.armexidx.*)
                [!provide]                PROVIDE (__exidx_end = .)
                0x00002280                . = ALIGN (0x4)
                0x00002280                _etext = .

.bss            0x20000010        0x0
                0x20000010                . = ALIGN (0x4)
                0x20000010                __bss_start__ = .
                0x20000010                _sbss = .
                0x20000010                _szero = .
 *(COMMON)
                0x20000010                . = ALIGN (0x4)
                0x20000010                __bss_end__ = .
                0x20000010                _ebss = .
                0x20000010                _ezero = .
                0x20000010                . = ALIGN (0x4)
                0x20000010                _end = .
                0x2003ffff                _ram_end_ = ((ORIGIN (ram) + LENGTH (ram)) - 0x1)
                0x00000200                _min_heap_size = 0x200
START GROUP
LOAD c:/program files/microchip/xc32/v3.01/bin/bin/../../lib/gcc/pic32c/8.3.1/../../../../pic32c/lib/thumb/v7e-m+fp/hard\libpic32c.a
LOAD c:/program files/microchip/xc32/v3.01/bin/bin/../../lib/gcc/pic32c/8.3.1/thumb/v7e-m+fp/hard\libgcc.a
LOAD c:/program files/microchip/xc32/v3.01/bin/bin/../../lib/gcc/pic32c/8.3.1/../../../../pic32c/lib/thumb/v7e-m+fp/hard\libm_nano.a
LOAD c:/program files/microchip/xc32/v3.01/bin/bin/../../lib/gcc/pic32c/8.3.1/../../../../pic32c/lib/thumb/v7e-m+fp/hard\libc_nano.a
END GROUP
LOAD c:/program files/microchip/xc32/v3.01/bin/bin/../../lib/gcc/pic32c/8.3.1/thumb/v7e-m+fp/hard/crtend.o
LOAD c:/program files/microchip/xc32/v3.01/bin/bin/../../lib/gcc/pic32c/8.3.1/thumb/v7e-m+fp/hard/crtn.o
OUTPUT(dist/default/production/FW303.X.production.elf elf32-littlearm)
LOAD stack
LOAD data_init

.ARM.attributes
                0x00000000       0x32
 .ARM.attributes
                0x00000000       0x1e c:/program files/microchip/xc32/v3.01/bin/bin/../../lib/gcc/pic32c/8.3.1/thumb/v7e-m+fp/hard/crti.o
 .ARM.attributes
                0x0000001e       0x34 c:/program files/microchip/xc32/v3.01/bin/bin/../../lib/gcc/pic32c/8.3.1/thumb/v7e-m+fp/hard/crtbegin.o
 .ARM.attributes
                0x00000052       0x34 build/default/production/_ext/1171490990/initialization.o
 .ARM.attributes
                0x00000086       0x34 build/default/production/_ext/60165182/plib_can0.o
 .ARM.attributes
                0x000000ba       0x34 build/default/production/_ext/1171490990/interrupts.o
 .ARM.attributes
                0x000000ee       0x34 build/default/production/_ext/1865521619/plib_port.o
 .ARM.attributes
                0x00000122       0x34 build/default/production/_ext/1360937237/main.o
 .ARM.attributes
                0x00000156       0x34 build/default/production/_ext/1984496892/plib_clock.o
 .ARM.attributes
                0x0000018a       0x34 build/default/production/_ext/1171490990/exceptions.o
 .ARM.attributes
                0x000001be       0x34 build/default/production/_ext/60180175/plib_rtc_timer.o
 .ARM.attributes
                0x000001f2       0x34 build/default/production/_ext/1171490990/startup_xc32.o
 .ARM.attributes
                0x00000226       0x34 build/default/production/_ext/1986646378/plib_evsys.o
 .ARM.attributes
                0x0000025a       0x34 build/default/production/_ext/1593096446/plib_nvmctrl.o
 .ARM.attributes
                0x0000028e       0x34 build/default/production/_ext/1865468468/plib_nvic.o
 .ARM.attributes
                0x000002c2       0x34 build/default/production/_ext/1042908558/protocol.o
 .ARM.attributes
                0x000002f6       0x34 build/default/production/_ext/1894469536/MET_can_protocol.o
 .ARM.attributes
                0x0000032a       0x34 c:/program files/microchip/xc32/v3.01/bin/bin/../../lib/gcc/pic32c/8.3.1/../../../../pic32c/lib/thumb/v7e-m+fp/hard\libpic32c.a(data_init.o)
 .ARM.attributes
                0x0000035e       0x34 c:/program files/microchip/xc32/v3.01/bin/bin/../../lib/gcc/pic32c/8.3.1/../../../../pic32c/lib/thumb/v7e-m+fp/hard\libc_nano.a(lib_a-init.o)
 .ARM.attributes
                0x00000392       0x34 c:/program files/microchip/xc32/v3.01/bin/bin/../../lib/gcc/pic32c/8.3.1/../../../../pic32c/lib/thumb/v7e-m+fp/hard\libc_nano.a(lib_a-memcpy-stub.o)
 .ARM.attributes
                0x000003c6       0x34 c:/program files/microchip/xc32/v3.01/bin/bin/../../lib/gcc/pic32c/8.3.1/../../../../pic32c/lib/thumb/v7e-m+fp/hard\libc_nano.a(lib_a-memset.o)
 .ARM.attributes
                0x000003fa       0x1e c:/program files/microchip/xc32/v3.01/bin/bin/../../lib/gcc/pic32c/8.3.1/thumb/v7e-m+fp/hard/crtn.o

.comment        0x00000000       0x53
 .comment       0x00000000       0x53 c:/program files/microchip/xc32/v3.01/bin/bin/../../lib/gcc/pic32c/8.3.1/thumb/v7e-m+fp/hard/crtbegin.o
                                 0x54 (size before relaxing)
 .comment       0x00000053       0x54 build/default/production/_ext/1171490990/initialization.o
 .comment       0x00000053       0x54 build/default/production/_ext/60165182/plib_can0.o
 .comment       0x00000053       0x54 build/default/production/_ext/1171490990/interrupts.o
 .comment       0x00000053       0x54 build/default/production/_ext/1865521619/plib_port.o
 .comment       0x00000053       0x54 build/default/production/_ext/1360937237/main.o
 .comment       0x00000053       0x54 build/default/production/_ext/1984496892/plib_clock.o
 .comment       0x00000053       0x54 build/default/production/_ext/1171490990/exceptions.o
 .comment       0x00000053       0x54 build/default/production/_ext/60180175/plib_rtc_timer.o
 .comment       0x00000053       0x54 build/default/production/_ext/1171490990/startup_xc32.o
 .comment       0x00000053       0x54 build/default/production/_ext/1986646378/plib_evsys.o
 .comment       0x00000053       0x54 build/default/production/_ext/1593096446/plib_nvmctrl.o
 .comment       0x00000053       0x54 build/default/production/_ext/1865468468/plib_nvic.o
 .comment       0x00000053       0x54 build/default/production/_ext/1042908558/protocol.o
 .comment       0x00000053       0x54 build/default/production/_ext/1894469536/MET_can_protocol.o
 .comment       0x00000053       0x54 c:/program files/microchip/xc32/v3.01/bin/bin/../../lib/gcc/pic32c/8.3.1/../../../../pic32c/lib/thumb/v7e-m+fp/hard\libpic32c.a(data_init.o)
 .comment       0x00000053       0x54 c:/program files/microchip/xc32/v3.01/bin/bin/../../lib/gcc/pic32c/8.3.1/../../../../pic32c/lib/thumb/v7e-m+fp/hard\libc_nano.a(lib_a-init.o)
 .comment       0x00000053       0x54 c:/program files/microchip/xc32/v3.01/bin/bin/../../lib/gcc/pic32c/8.3.1/../../../../pic32c/lib/thumb/v7e-m+fp/hard\libc_nano.a(lib_a-memcpy-stub.o)
 .comment       0x00000053       0x54 c:/program files/microchip/xc32/v3.01/bin/bin/../../lib/gcc/pic32c/8.3.1/../../../../pic32c/lib/thumb/v7e-m+fp/hard\libc_nano.a(lib_a-memset.o)

.debug_info     0x00000000    0x13286
 .debug_info    0x00000000      0xfcf build/default/production/_ext/1171490990/initialization.o
 .debug_info    0x00000fcf     0x2918 build/default/production/_ext/60165182/plib_can0.o
 .debug_info    0x000038e7     0x2282 build/default/production/_ext/1171490990/interrupts.o
 .debug_info    0x00005b69      0xe58 build/default/production/_ext/1865521619/plib_port.o
 .debug_info    0x000069c1     0x147c build/default/production/_ext/1360937237/main.o
 .debug_info    0x00007e3d      0xc2c build/default/production/_ext/1984496892/plib_clock.o
 .debug_info    0x00008a69      0xfda build/default/production/_ext/1171490990/exceptions.o
 .debug_info    0x00009a43     0x1c49 build/default/production/_ext/60180175/plib_rtc_timer.o
 .debug_info    0x0000b68c      0x98f build/default/production/_ext/1171490990/startup_xc32.o
 .debug_info    0x0000c01b      0x386 build/default/production/_ext/1986646378/plib_evsys.o
 .debug_info    0x0000c3a1     0x188c build/default/production/_ext/1593096446/plib_nvmctrl.o
 .debug_info    0x0000dc2d     0x1404 build/default/production/_ext/1865468468/plib_nvic.o
 .debug_info    0x0000f031     0x125c build/default/production/_ext/1042908558/protocol.o
 .debug_info    0x0001028d     0x2d2c build/default/production/_ext/1894469536/MET_can_protocol.o
 .debug_info    0x00012fb9      0x2cd c:/program files/microchip/xc32/v3.01/bin/bin/../../lib/gcc/pic32c/8.3.1/../../../../pic32c/lib/thumb/v7e-m+fp/hard\libpic32c.a(data_init.o)

.debug_abbrev   0x00000000     0x210a
 .debug_abbrev  0x00000000      0x1f2 build/default/production/_ext/1171490990/initialization.o
 .debug_abbrev  0x000001f2      0x466 build/default/production/_ext/60165182/plib_can0.o
 .debug_abbrev  0x00000658      0x1cc build/default/production/_ext/1171490990/interrupts.o
 .debug_abbrev  0x00000824      0x1e9 build/default/production/_ext/1865521619/plib_port.o
 .debug_abbrev  0x00000a0d      0x270 build/default/production/_ext/1360937237/main.o
 .debug_abbrev  0x00000c7d      0x135 build/default/production/_ext/1984496892/plib_clock.o
 .debug_abbrev  0x00000db2      0x1ac build/default/production/_ext/1171490990/exceptions.o
 .debug_abbrev  0x00000f5e      0x2b4 build/default/production/_ext/60180175/plib_rtc_timer.o
 .debug_abbrev  0x00001212      0x209 build/default/production/_ext/1171490990/startup_xc32.o
 .debug_abbrev  0x0000141b       0x64 build/default/production/_ext/1986646378/plib_evsys.o
 .debug_abbrev  0x0000147f      0x30a build/default/production/_ext/1593096446/plib_nvmctrl.o
 .debug_abbrev  0x00001789      0x217 build/default/production/_ext/1865468468/plib_nvic.o
 .debug_abbrev  0x000019a0      0x24d build/default/production/_ext/1042908558/protocol.o
 .debug_abbrev  0x00001bed      0x4ef build/default/production/_ext/1894469536/MET_can_protocol.o
 .debug_abbrev  0x000020dc       0x2e c:/program files/microchip/xc32/v3.01/bin/bin/../../lib/gcc/pic32c/8.3.1/../../../../pic32c/lib/thumb/v7e-m+fp/hard\libpic32c.a(data_init.o)

.debug_loc      0x00000000     0x1f75
 .debug_loc     0x00000000       0x45 build/default/production/_ext/1171490990/initialization.o
 .debug_loc     0x00000045      0xb43 build/default/production/_ext/60165182/plib_can0.o
 .debug_loc     0x00000b88      0x1bc build/default/production/_ext/1865521619/plib_port.o
 .debug_loc     0x00000d44       0x20 build/default/production/_ext/1360937237/main.o
 .debug_loc     0x00000d64       0xb4 build/default/production/_ext/60180175/plib_rtc_timer.o
 .debug_loc     0x00000e18       0x60 build/default/production/_ext/1171490990/startup_xc32.o
 .debug_loc     0x00000e78      0x4bf build/default/production/_ext/1593096446/plib_nvmctrl.o
 .debug_loc     0x00001337       0xf9 build/default/production/_ext/1865468468/plib_nvic.o
 .debug_loc     0x00001430      0x10c build/default/production/_ext/1042908558/protocol.o
 .debug_loc     0x0000153c      0xa25 build/default/production/_ext/1894469536/MET_can_protocol.o
 .debug_loc     0x00001f61       0x14 c:/program files/microchip/xc32/v3.01/bin/bin/../../lib/gcc/pic32c/8.3.1/../../../../pic32c/lib/thumb/v7e-m+fp/hard\libpic32c.a(data_init.o)

.debug_aranges  0x00000000      0x4c8
 .debug_aranges
                0x00000000       0x20 build/default/production/_ext/1171490990/initialization.o
 .debug_aranges
                0x00000020       0xa0 build/default/production/_ext/60165182/plib_can0.o
 .debug_aranges
                0x000000c0       0x20 build/default/production/_ext/1171490990/interrupts.o
 .debug_aranges
                0x000000e0       0x70 build/default/production/_ext/1865521619/plib_port.o
 .debug_aranges
                0x00000150       0x28 build/default/production/_ext/1360937237/main.o
 .debug_aranges
                0x00000178       0x20 build/default/production/_ext/1984496892/plib_clock.o
 .debug_aranges
                0x00000198       0x48 build/default/production/_ext/1171490990/exceptions.o
 .debug_aranges
                0x000001e0       0xa0 build/default/production/_ext/60180175/plib_rtc_timer.o
 .debug_aranges
                0x00000280       0x28 build/default/production/_ext/1171490990/startup_xc32.o
 .debug_aranges
                0x000002a8       0x20 build/default/production/_ext/1986646378/plib_evsys.o
 .debug_aranges
                0x000002c8       0xb0 build/default/production/_ext/1593096446/plib_nvmctrl.o
 .debug_aranges
                0x00000378       0x38 build/default/production/_ext/1865468468/plib_nvic.o
 .debug_aranges
                0x000003b0       0x30 build/default/production/_ext/1042908558/protocol.o
 .debug_aranges
                0x000003e0       0xc8 build/default/production/_ext/1894469536/MET_can_protocol.o
 .debug_aranges
                0x000004a8       0x20 c:/program files/microchip/xc32/v3.01/bin/bin/../../lib/gcc/pic32c/8.3.1/../../../../pic32c/lib/thumb/v7e-m+fp/hard\libpic32c.a(data_init.o)

.debug_ranges   0x00000000      0x408
 .debug_ranges  0x00000000       0x10 build/default/production/_ext/1171490990/initialization.o
 .debug_ranges  0x00000010       0x90 build/default/production/_ext/60165182/plib_can0.o
 .debug_ranges  0x000000a0       0x10 build/default/production/_ext/1171490990/interrupts.o
 .debug_ranges  0x000000b0       0x60 build/default/production/_ext/1865521619/plib_port.o
 .debug_ranges  0x00000110       0x18 build/default/production/_ext/1360937237/main.o
 .debug_ranges  0x00000128       0x10 build/default/production/_ext/1984496892/plib_clock.o
 .debug_ranges  0x00000138       0x38 build/default/production/_ext/1171490990/exceptions.o
 .debug_ranges  0x00000170       0x90 build/default/production/_ext/60180175/plib_rtc_timer.o
 .debug_ranges  0x00000200       0x18 build/default/production/_ext/1171490990/startup_xc32.o
 .debug_ranges  0x00000218       0x10 build/default/production/_ext/1986646378/plib_evsys.o
 .debug_ranges  0x00000228       0xa0 build/default/production/_ext/1593096446/plib_nvmctrl.o
 .debug_ranges  0x000002c8       0x28 build/default/production/_ext/1865468468/plib_nvic.o
 .debug_ranges  0x000002f0       0x20 build/default/production/_ext/1042908558/protocol.o
 .debug_ranges  0x00000310       0xe8 build/default/production/_ext/1894469536/MET_can_protocol.o
 .debug_ranges  0x000003f8       0x10 c:/program files/microchip/xc32/v3.01/bin/bin/../../lib/gcc/pic32c/8.3.1/../../../../pic32c/lib/thumb/v7e-m+fp/hard\libpic32c.a(data_init.o)

.debug_line     0x00000000     0x3c3f
 .debug_line    0x00000000      0x31e build/default/production/_ext/1171490990/initialization.o
 .debug_line    0x0000031e      0xa37 build/default/production/_ext/60165182/plib_can0.o
 .debug_line    0x00000d55      0x1a8 build/default/production/_ext/1171490990/interrupts.o
 .debug_line    0x00000efd      0x3ff build/default/production/_ext/1865521619/plib_port.o
 .debug_line    0x000012fc      0x334 build/default/production/_ext/1360937237/main.o
 .debug_line    0x00001630      0x2f2 build/default/production/_ext/1984496892/plib_clock.o
 .debug_line    0x00001922      0x201 build/default/production/_ext/1171490990/exceptions.o
 .debug_line    0x00001b23      0x4ce build/default/production/_ext/60180175/plib_rtc_timer.o
 .debug_line    0x00001ff1      0x2b5 build/default/production/_ext/1171490990/startup_xc32.o
 .debug_line    0x000022a6      0x131 build/default/production/_ext/1986646378/plib_evsys.o
 .debug_line    0x000023d7      0x51e build/default/production/_ext/1593096446/plib_nvmctrl.o
 .debug_line    0x000028f5      0x341 build/default/production/_ext/1865468468/plib_nvic.o
 .debug_line    0x00002c36      0x21d build/default/production/_ext/1042908558/protocol.o
 .debug_line    0x00002e53      0xcdc build/default/production/_ext/1894469536/MET_can_protocol.o
 .debug_line    0x00003b2f      0x110 c:/program files/microchip/xc32/v3.01/bin/bin/../../lib/gcc/pic32c/8.3.1/../../../../pic32c/lib/thumb/v7e-m+fp/hard\libpic32c.a(data_init.o)

.debug_str      0x00000000      0x466
 .debug_str     0x00000000       0x82 build/default/production/_ext/1171490990/initialization.o
 .debug_str     0x00000082       0x96 build/default/production/_ext/60165182/plib_can0.o
 .debug_str     0x00000118        0xe build/default/production/_ext/1171490990/interrupts.o
 .debug_str     0x00000126        0xb build/default/production/_ext/1865521619/plib_port.o
 .debug_str     0x00000131       0x62 build/default/production/_ext/1360937237/main.o
 .debug_str     0x00000193       0x1e build/default/production/_ext/1984496892/plib_clock.o
 .debug_str     0x000001b1        0xe build/default/production/_ext/1171490990/exceptions.o
 .debug_str     0x000001bf      0x123 build/default/production/_ext/60180175/plib_rtc_timer.o
 .debug_str     0x000002e2       0x2f build/default/production/_ext/1171490990/startup_xc32.o
 .debug_str     0x00000311        0x0 build/default/production/_ext/1986646378/plib_evsys.o
 .debug_str     0x00000311       0x29 build/default/production/_ext/1593096446/plib_nvmctrl.o
 .debug_str     0x0000033a        0xa build/default/production/_ext/1865468468/plib_nvic.o
 .debug_str     0x00000344       0x5e build/default/production/_ext/1042908558/protocol.o
 .debug_str     0x000003a2       0xc4 build/default/production/_ext/1894469536/MET_can_protocol.o
 .debug_str     0x00000466        0x0 c:/program files/microchip/xc32/v3.01/bin/bin/../../lib/gcc/pic32c/8.3.1/../../../../pic32c/lib/thumb/v7e-m+fp/hard\libpic32c.a(data_init.o)

.debug_frame    0x00000000      0x93c
 .debug_frame   0x00000000       0x28 build/default/production/_ext/1171490990/initialization.o
 .debug_frame   0x00000028      0x194 build/default/production/_ext/60165182/plib_can0.o
 .debug_frame   0x000001bc       0x20 build/default/production/_ext/1171490990/interrupts.o
 .debug_frame   0x000001dc       0xcc build/default/production/_ext/1865521619/plib_port.o
 .debug_frame   0x000002a8       0x38 build/default/production/_ext/1360937237/main.o
 .debug_frame   0x000002e0       0x20 build/default/production/_ext/1984496892/plib_clock.o
 .debug_frame   0x00000300       0x70 build/default/production/_ext/1171490990/exceptions.o
 .debug_frame   0x00000370      0x128 build/default/production/_ext/60180175/plib_rtc_timer.o
 .debug_frame   0x00000498       0x38 build/default/production/_ext/1171490990/startup_xc32.o
 .debug_frame   0x000004d0       0x20 build/default/production/_ext/1986646378/plib_evsys.o
 .debug_frame   0x000004f0      0x170 build/default/production/_ext/1593096446/plib_nvmctrl.o
 .debug_frame   0x00000660       0x50 build/default/production/_ext/1865468468/plib_nvic.o
 .debug_frame   0x000006b0       0x5c build/default/production/_ext/1042908558/protocol.o
 .debug_frame   0x0000070c      0x1f8 build/default/production/_ext/1894469536/MET_can_protocol.o
 .debug_frame   0x00000904       0x38 c:/program files/microchip/xc32/v3.01/bin/bin/../../lib/gcc/pic32c/8.3.1/../../../../pic32c/lib/thumb/v7e-m+fp/hard\libpic32c.a(data_init.o)

.stack          0x20000c98      0x100
 .stack         0x20000c98      0x100 stack

.bss.MET_Protocol_Data_Struct%1
                0x20000010      0x980
 .bss.MET_Protocol_Data_Struct
                0x20000010      0x980 build/default/production/_ext/1894469536/MET_can_protocol.o

.bss.can0Obj%2  0x20000990       0x28
 .bss.can0Obj   0x20000990       0x28 build/default/production/_ext/60165182/plib_can0.o

.bss.can0RxMsg%3
                0x200009b8       0x28
 .bss.can0RxMsg
                0x200009b8       0x28 build/default/production/_ext/60165182/plib_can0.o

.bss.can0CallbackObj%4
                0x200009e0       0x20
 .bss.can0CallbackObj
                0x200009e0       0x20 build/default/production/_ext/60165182/plib_can0.o

.bss.MET_Can_Bootloader_RxTx_Struct%5
                0x20000a00       0x20
 .bss.MET_Can_Bootloader_RxTx_Struct
                0x20000a00       0x20 build/default/production/_ext/1894469536/MET_can_protocol.o

.bss.MET_Can_Protocol_RxTx_Struct%6
                0x20000a20       0x20
 .bss.MET_Can_Protocol_RxTx_Struct
                0x20000a20       0x20 build/default/production/_ext/1894469536/MET_can_protocol.o

.bss%7          0x20000a40       0x1c
 .bss           0x20000a40       0x1c c:/program files/microchip/xc32/v3.01/bin/bin/../../lib/gcc/pic32c/8.3.1/thumb/v7e-m+fp/hard/crtbegin.o

.bss.rtcObj%8   0x20000a5c        0xc
 .bss.rtcObj    0x20000a5c        0xc build/default/production/_ext/60180175/plib_rtc_timer.o

.data.SmartEEPROM32%9
                0x20000a68        0x4
 .data.SmartEEPROM32
                0x20000a68        0x4 build/default/production/_ext/1894469536/MET_can_protocol.o
                0x20000a68                SmartEEPROM32

.bss%10         0x20000a6c        0x4
 .bss           0x20000a6c        0x4 c:/program files/microchip/xc32/v3.01/bin/bin/../../lib/gcc/pic32c/8.3.1/../../../../pic32c/lib/thumb/v7e-m+fp/hard\libpic32c.a(data_init.o)

.bss.messageMarker.8457%11
                0x20000a70        0x1
 .bss.messageMarker.8457
                0x20000a70        0x1 build/default/production/_ext/60165182/plib_can0.o

.bss.trigger_time%12
                0x20000a71        0x1
 .bss.trigger_time
                0x20000a71        0x1 build/default/production/_ext/1360937237/main.o

.bss.lastSequence.9008%13
                0x20000a72        0x1
 .bss.lastSequence.9008
                0x20000a72        0x1 build/default/production/_ext/1894469536/MET_can_protocol.o

.bss.msgFrameAttr0%14
                0x20000a73        0x1
 .bss.msgFrameAttr0
                0x20000a73        0x1 build/default/production/_ext/1894469536/MET_can_protocol.o
                0x20000a73                msgFrameAttr0

.bss.rxBootloaderErrorTrigger%15
                0x20000a74        0x1
 .bss.rxBootloaderErrorTrigger
                0x20000a74        0x1 build/default/production/_ext/1894469536/MET_can_protocol.o

.bss.rxBootloaderReceptionTrigger%16
                0x20000a75        0x1
 .bss.rxBootloaderReceptionTrigger
                0x20000a75        0x1 build/default/production/_ext/1894469536/MET_can_protocol.o

.bss.rxErrorTrigger%17
                0x20000a76        0x1
 .bss.rxErrorTrigger
                0x20000a76        0x1 build/default/production/_ext/1894469536/MET_can_protocol.o

.bss.rxReceptionTrigger%18
                0x20000a77        0x1
 .bss.rxReceptionTrigger
                0x20000a77        0x1 build/default/production/_ext/1894469536/MET_can_protocol.o

.eh_frame%z1    0x00000000        0x0
 .eh_frame      0x00000000        0x0 c:/program files/microchip/xc32/v3.01/bin/bin/../../lib/gcc/pic32c/8.3.1/thumb/v7e-m+fp/hard/crtbegin.o

.text.MET_Can_Protocol_Loop%19
                0x00002280      0x3c4
 .text.MET_Can_Protocol_Loop
                0x00002280      0x3c4 build/default/production/_ext/1894469536/MET_can_protocol.o
                0x00002280                MET_Can_Protocol_Loop

.text.CAN0_InterruptHandler%20
                0x00002644      0x26c
 .text.CAN0_InterruptHandler
                0x00002644      0x26c build/default/production/_ext/60165182/plib_can0.o
                0x00002644                CAN0_InterruptHandler

.dinit%21       0x000028b0       0xf0
 .dinit         0x000028b0       0xf0 data_init

.text.CLOCK_Initialize%22
                0x000029a0       0xe4
 .text.CLOCK_Initialize
                0x000029a0       0xe4 build/default/production/_ext/1984496892/plib_clock.o
                0x000029a0                CLOCK_Initialize

.text.CAN0_MessageTransmit%23
                0x00002a84       0xac
 .text.CAN0_MessageTransmit
                0x00002a84       0xac build/default/production/_ext/60165182/plib_can0.o
                0x00002a84                CAN0_MessageTransmit

.text.PORT_Initialize%24
                0x00002b30       0xa8
 .text.PORT_Initialize
                0x00002b30       0xa8 build/default/production/_ext/1865521619/plib_port.o
                0x00002b30                PORT_Initialize

.text.CAN0_MessageReceive%25
                0x00002bd8       0x90
 .text.CAN0_MessageReceive
                0x00002bd8       0x90 build/default/production/_ext/60165182/plib_can0.o
                0x00002bd8                CAN0_MessageReceive

.text.Reset_Handler%26
                0x00002c68       0x90
 .text.Reset_Handler
                0x00002c68       0x90 build/default/production/_ext/1171490990/startup_xc32.o
                0x00002c68                Reset_Handler

.text.__pic32c_data_initialization%27
                0x00002cf8       0x88
 .text.__pic32c_data_initialization
                0x00002cf8       0x88 c:/program files/microchip/xc32/v3.01/bin/bin/../../lib/gcc/pic32c/8.3.1/../../../../pic32c/lib/thumb/v7e-m+fp/hard\libpic32c.a(data_init.o)
                0x00002cf8                __pic32c_data_initialization

.text.CAN0_Initialize%28
                0x00002d80       0x80
 .text.CAN0_Initialize
                0x00002d80       0x80 build/default/production/_ext/60165182/plib_can0.o
                0x00002d80                CAN0_Initialize

.text.main%29   0x00002e00       0x5c
 .text.main     0x00002e00       0x5c build/default/production/_ext/1360937237/main.o
                0x00002e00                main

.text.MET_Can_AppRestartCallback%30
                0x00002e5c       0x58
 .text.MET_Can_AppRestartCallback
                0x00002e5c       0x58 build/default/production/_ext/1894469536/MET_can_protocol.o

.text.__libc_init_array%31
                0x00002eb4       0x48
 .text.__libc_init_array
                0x00002eb4       0x48 c:/program files/microchip/xc32/v3.01/bin/bin/../../lib/gcc/pic32c/8.3.1/../../../../pic32c/lib/thumb/v7e-m+fp/hard\libc_nano.a(lib_a-init.o)
                0x00002eb4                __libc_init_array

.text.RTC_Initialize%32
                0x00002efc       0x44
 .text.RTC_Initialize
                0x00002efc       0x44 build/default/production/_ext/60180175/plib_rtc_timer.o
                0x00002efc                RTC_Initialize

.text%33        0x00002f40       0x40
 .text          0x00002f40       0x40 c:/program files/microchip/xc32/v3.01/bin/bin/../../lib/gcc/pic32c/8.3.1/thumb/v7e-m+fp/hard/crtbegin.o

.text.NVIC_Initialize%34
                0x00002f80       0x40
 .text.NVIC_Initialize
                0x00002f80       0x40 build/default/production/_ext/1865468468/plib_nvic.o
                0x00002f80                NVIC_Initialize

.text.CAN0_ErrorGet%35
                0x00002fc0       0x3a
 .text.CAN0_ErrorGet
                0x00002fc0       0x3a build/default/production/_ext/60165182/plib_can0.o
                0x00002fc0                CAN0_ErrorGet

.text.rtcEventHandler%36
                0x00002ffc       0x38
 .text.rtcEventHandler
                0x00002ffc       0x38 build/default/production/_ext/1360937237/main.o

.text.MET_Can_Protocol_Reception_Trigger%37
                0x00003034       0x38
 .text.MET_Can_Protocol_Reception_Trigger
                0x00003034       0x38 build/default/production/_ext/1894469536/MET_can_protocol.o

.text.MET_Can_Bootloader_Reception_Trigger%38
                0x0000306c       0x38
 .text.MET_Can_Bootloader_Reception_Trigger
                0x0000306c       0x38 build/default/production/_ext/1894469536/MET_can_protocol.o

.text.RTC_InterruptHandler%39
                0x000030a4       0x28
 .text.RTC_InterruptHandler
                0x000030a4       0x28 build/default/production/_ext/60180175/plib_rtc_timer.o
                0x000030a4                RTC_InterruptHandler

.text.MET_Can_Protocol_Reception_Callback%40
                0x000030cc       0x28
 .text.MET_Can_Protocol_Reception_Callback
                0x000030cc       0x28 build/default/production/_ext/1894469536/MET_can_protocol.o

.text.MET_Can_Bootloader_Reception_Callback%41
                0x000030f4       0x28
 .text.MET_Can_Bootloader_Reception_Callback
                0x000030f4       0x28 build/default/production/_ext/1894469536/MET_can_protocol.o

.text.SYS_Initialize%42
                0x0000311c       0x20
 .text.SYS_Initialize
                0x0000311c       0x20 build/default/production/_ext/1171490990/initialization.o
                0x0000311c                SYS_Initialize

.text.CAN0_RxCallbackRegister%43
                0x0000313c       0x1c
 .text.CAN0_RxCallbackRegister
                0x0000313c       0x1c build/default/production/_ext/60165182/plib_can0.o
                0x0000313c                CAN0_RxCallbackRegister

.text.memcpy%44
                0x00003158       0x1c
 .text.memcpy   0x00003158       0x1c c:/program files/microchip/xc32/v3.01/bin/bin/../../lib/gcc/pic32c/8.3.1/../../../../pic32c/lib/thumb/v7e-m+fp/hard\libc_nano.a(lib_a-memcpy-stub.o)
                0x00003158                memcpy

.text.RTC_Timer32Start%45
                0x00003174       0x18
 .text.RTC_Timer32Start
                0x00003174       0x18 build/default/production/_ext/60180175/plib_rtc_timer.o
                0x00003174                RTC_Timer32Start

.text.CAN0_TxCallbackRegister%46
                0x0000318c       0x10
 .text.CAN0_TxCallbackRegister
                0x0000318c       0x10 build/default/production/_ext/60165182/plib_can0.o
                0x0000318c                CAN0_TxCallbackRegister

.rodata%47      0x0000319c       0x10
 .rodata        0x0000319c       0x10 build/default/production/_ext/60165182/plib_can0.o

.text.NVMCTRL_Initialize%48
                0x000031ac       0x10
 .text.NVMCTRL_Initialize
                0x000031ac       0x10 build/default/production/_ext/1593096446/plib_nvmctrl.o
                0x000031ac                NVMCTRL_Initialize

.text.memset%49
                0x000031bc       0x10
 .text.memset   0x000031bc       0x10 c:/program files/microchip/xc32/v3.01/bin/bin/../../lib/gcc/pic32c/8.3.1/../../../../pic32c/lib/thumb/v7e-m+fp/hard\libc_nano.a(lib_a-memset.o)
                0x000031bc                memset

.text.RTC_Timer32CallbackRegister%50
                0x000031cc        0xc
 .text.RTC_Timer32CallbackRegister
                0x000031cc        0xc build/default/production/_ext/60180175/plib_rtc_timer.o
                0x000031cc                RTC_Timer32CallbackRegister

.text.ApplicationProtocolLoop%51
                0x000031d8        0x8
 .text.ApplicationProtocolLoop
                0x000031d8        0x8 build/default/production/_ext/1042908558/protocol.o
                0x000031d8                ApplicationProtocolLoop

.text.Dummy_Handler%52
                0x00002ffa        0x2
 .text.Dummy_Handler
                0x00002ffa        0x2 build/default/production/_ext/1171490990/interrupts.o
                0x00002ffa                EIC_EXTINT_9_Handler
                0x00002ffa                TCC0_MC5_Handler
                0x00002ffa                SVCall_Handler
                0x00002ffa                SERCOM0_2_Handler
                0x00002ffa                USB_SOF_HSOF_Handler
                0x00002ffa                TCC4_OTHER_Handler
                0x00002ffa                TCC2_MC2_Handler
                0x00002ffa                EVSYS_0_Handler
                0x00002ffa                TRNG_Handler
                0x00002ffa                TC2_Handler
                0x00002ffa                USB_TRCPT0_Handler
                0x00002ffa                DAC_OTHER_Handler
                0x00002ffa                AC_Handler
                0x00002ffa                DAC_EMPTY_0_Handler
                0x00002ffa                DMAC_OTHER_Handler
                0x00002ffa                EIC_EXTINT_5_Handler
                0x00002ffa                SERCOM3_1_Handler
                0x00002ffa                SysTick_Handler
                0x00002ffa                SERCOM4_OTHER_Handler
                0x00002ffa                SERCOM3_2_Handler
                0x00002ffa                EIC_EXTINT_6_Handler
                0x00002ffa                PendSV_Handler
                0x00002ffa                TCC4_MC0_Handler
                0x00002ffa                EVSYS_3_Handler
                0x00002ffa                QSPI_Handler
                0x00002ffa                TCC2_MC0_Handler
                0x00002ffa                PDEC_OTHER_Handler
                0x00002ffa                TCC3_MC0_Handler
                0x00002ffa                PDEC_MC1_Handler
                0x00002ffa                TCC2_MC1_Handler
                0x00002ffa                OSCCTRL_XOSC1_Handler
                0x00002ffa                PDEC_MC0_Handler
                0x00002ffa                EIC_EXTINT_4_Handler
                0x00002ffa                EIC_EXTINT_7_Handler
                0x00002ffa                SERCOM0_OTHER_Handler
                0x00002ffa                EVSYS_OTHER_Handler
                0x00002ffa                SERCOM0_0_Handler
                0x00002ffa                SERCOM4_0_Handler
                0x00002ffa                TCC1_MC0_Handler
                0x00002ffa                SERCOM1_OTHER_Handler
                0x00002ffa                TCC2_OTHER_Handler
                0x00002ffa                EIC_EXTINT_11_Handler
                0x00002ffa                SUPC_BODDET_Handler
                0x00002ffa                EIC_EXTINT_14_Handler
                0x00002ffa                OSC32KCTRL_Handler
                0x00002ffa                EVSYS_1_Handler
                0x00002ffa                TCC4_MC1_Handler
                0x00002ffa                DMAC_0_Handler
                0x00002ffa                SUPC_OTHER_Handler
                0x00002ffa                WDT_Handler
                0x00002ffa                EIC_EXTINT_15_Handler
                0x00002ffa                EIC_EXTINT_1_Handler
                0x00002ffa                TCC3_MC1_Handler
                0x00002ffa                SERCOM5_0_Handler
                0x00002ffa                TC4_Handler
                0x00002ffa                TC1_Handler
                0x00002ffa                TCC1_MC1_Handler
                0x00002ffa                EIC_EXTINT_0_Handler
                0x00002ffa                TCC1_OTHER_Handler
                0x00002ffa                PAC_Handler
                0x00002ffa                SERCOM4_1_Handler
                0x00002ffa                TC3_Handler
                0x00002ffa                Dummy_Handler
                0x00002ffa                DAC_RESRDY_0_Handler
                0x00002ffa                SERCOM5_1_Handler
                0x00002ffa                DMAC_2_Handler
                0x00002ffa                TCC0_MC4_Handler
                0x00002ffa                USB_TRCPT1_Handler
                0x00002ffa                SERCOM0_1_Handler
                0x00002ffa                TCC0_MC3_Handler
                0x00002ffa                EIC_EXTINT_12_Handler
                0x00002ffa                OSCCTRL_DPLL0_Handler
                0x00002ffa                SERCOM5_OTHER_Handler
                0x00002ffa                PM_Handler
                0x00002ffa                OSCCTRL_DFLL_Handler
                0x00002ffa                DAC_RESRDY_1_Handler
                0x00002ffa                DMAC_1_Handler
                0x00002ffa                USB_OTHER_Handler
                0x00002ffa                CAN1_Handler
                0x00002ffa                TCC0_OTHER_Handler
                0x00002ffa                EIC_EXTINT_10_Handler
                0x00002ffa                TCC1_MC3_Handler
                0x00002ffa                OSCCTRL_XOSC0_Handler
                0x00002ffa                TCC0_MC0_Handler
                0x00002ffa                EIC_EXTINT_2_Handler
                0x00002ffa                SDHC0_Handler
                0x00002ffa                SERCOM1_1_Handler
                0x00002ffa                I2S_Handler
                0x00002ffa                PCC_Handler
                0x00002ffa                TCC3_OTHER_Handler
                0x00002ffa                EIC_EXTINT_13_Handler
                0x00002ffa                SERCOM1_0_Handler
                0x00002ffa                PUKCC_Handler
                0x00002ffa                SERCOM2_1_Handler
                0x00002ffa                SERCOM1_2_Handler
                0x00002ffa                SERCOM3_0_Handler
                0x00002ffa                SERCOM4_2_Handler
                0x00002ffa                TCC1_MC2_Handler
                0x00002ffa                ADC1_RESRDY_Handler
                0x00002ffa                NVMCTRL_1_Handler
                0x00002ffa                SERCOM5_2_Handler
                0x00002ffa                SERCOM2_2_Handler
                0x00002ffa                DAC_EMPTY_1_Handler
                0x00002ffa                ADC1_OTHER_Handler
                0x00002ffa                OSCCTRL_DPLL1_Handler
                0x00002ffa                EIC_EXTINT_3_Handler
                0x00002ffa                SERCOM3_OTHER_Handler
                0x00002ffa                EIC_EXTINT_8_Handler
                0x00002ffa                NVMCTRL_0_Handler
                0x00002ffa                ADC0_RESRDY_Handler
                0x00002ffa                ADC0_OTHER_Handler
                0x00002ffa                MCLK_Handler
                0x00002ffa                EVSYS_2_Handler
                0x00002ffa                SERCOM2_OTHER_Handler
                0x00002ffa                FREQM_Handler
                0x00002ffa                TC0_Handler
                0x00002ffa                TCC0_MC1_Handler
                0x00002ffa                DMAC_3_Handler
                0x00002ffa                RAMECC_Handler
                0x00002ffa                TC5_Handler
                0x00002ffa                SERCOM2_0_Handler
                0x00002ffa                AES_Handler
                0x00002ffa                ICM_Handler
                0x00002ffa                TCC0_MC2_Handler

.text.NonMaskableInt_Handler%53
                0x000031e0        0x2
 .text.NonMaskableInt_Handler
                0x000031e0        0x2 build/default/production/_ext/1171490990/exceptions.o
                0x000031e0                NonMaskableInt_Handler

.text.HardFault_Handler%54
                0x000031e2        0x2
 .text.HardFault_Handler
                0x000031e2        0x2 build/default/production/_ext/1171490990/exceptions.o
                0x000031e2                HardFault_Handler

.text.DebugMonitor_Handler%55
                0x000031e4        0x2
 .text.DebugMonitor_Handler
                0x000031e4        0x2 build/default/production/_ext/1171490990/exceptions.o
                0x000031e4                DebugMonitor_Handler

.text.MemoryManagement_Handler%56
                0x000031e6        0x2
 .text.MemoryManagement_Handler
                0x000031e6        0x2 build/default/production/_ext/1171490990/exceptions.o
                0x000031e6                MemoryManagement_Handler

.text.BusFault_Handler%57
                0x000031e8        0x2
 .text.BusFault_Handler
                0x000031e8        0x2 build/default/production/_ext/1171490990/exceptions.o
                0x000031e8                BusFault_Handler

.text.UsageFault_Handler%58
                0x000031ea        0x2
 .text.UsageFault_Handler
                0x000031ea        0x2 build/default/production/_ext/1171490990/exceptions.o
                0x000031ea                UsageFault_Handler

.text.Dummy_App_Func%59
                0x000031ec        0x2
 .text.Dummy_App_Func
                0x000031ec        0x2 build/default/production/_ext/1171490990/startup_xc32.o
                0x000031ec                _on_reset
                0x000031ec                _on_bootstrap
                0x000031ec                __xc32_on_reset
                0x000031ec                Dummy_App_Func
                0x000031ec                __xc32_on_bootstrap

.text.EVSYS_Initialize%60
                0x000031ee        0x2
 .text.EVSYS_Initialize
                0x000031ee        0x2 build/default/production/_ext/1986646378/plib_evsys.o
                0x000031ee                EVSYS_Initialize
